Microsoft Windows [Version 10.0.19045.6456]
(c) Microsoft Corporation. All rights reserved.

C:\Users\admin\Task2-ai-assisted-coding-lab2.2\server>